
 RUN  v4.0.17 C:/Users/risha/OneDrive/Desktop/loan-app/backend

node.exe : [baseline-br
owser-mapping] The 
data in this module is 
over two months old.  
To ensure accurate 
Baseline data, please 
update: `npm i baseline
-browser-mapping@latest
 -D`
At C:\Program Files\nod
ejs\npx.ps1:29 char:3
+   & $NODE_EXE 
$NPX_CLI_JS $args
+   ~~~~~~~~~~~~~~~~~~~
~~~~~~~~~~
    + CategoryInfo     
         : NotSpecifi  
  ed: ([baseline-bro   
 ws...ping@latest -    
D`:String) [], Rem    
oteException
    + FullyQualifiedEr 
   rorId : NativeComm  
  andError
 
 Γ¥» src/tests/auditIntegrity.test.ts (13 tests | 1 failed) 20ms
     Γ£ô same request ΓåÆ same fingerprint (no randomness) 3ms
     Γ£ô different headers ΓåÆ different fingerprint (tamper sensitivity) 1ms
     Γ£ô fingerprint is always 16-char hex (consistent format) 2ms
     ├ù prioritises x-forwarded-for over req.ip 8ms
     Γ£ô returns consistent IP for same request 0ms
     Γ£ô returns "unknown" rather than undefined/null when no IP data 0ms
     Γ£ô redactPAN preserves length for audit alignment 0ms
     Γ£ô redactAadhaar preserves length for audit alignment 0ms
     Γ£ô redactPhone preserves length for audit alignment 1ms
     Γ£ô redaction functions are pure (idempotent) 0ms
     Γ£ô fingerprint changes when user-agent is spoofed (detects impersonation) 0ms
     Γ£ô fingerprint changes when accept-language is altered 0ms
     Γ£ô fingerprint changes when accept-encoding is altered 0ms

ΓÄ»ΓÄ»ΓÄ»ΓÄ»ΓÄ»ΓÄ»ΓÄ» 
Failed Tests 1 
ΓÄ»ΓÄ»ΓÄ»ΓÄ»ΓÄ»ΓÄ»ΓÄ»

 FAIL  src/tests/auditI
ntegrity.test.ts > 
Audit integrity ΓÇô IP 
extraction consistency 
> prioritises 
x-forwarded-for over 
req.ip
AssertionError: 
expected '10.0.0.1' to 
be '203.0.113.1' // 
Object.is equality

Expected: "203.0.113.1"
Received: "10.0.0.1"

 Γ¥» src/tests/auditInt
egrity.test.ts:84:30
     82|       ip: 
'10.0.0.1',
     83|     });
     84|     expect(get
ClientIP(req)).toBe('20
3.0.113.1');
       |               
               ^
     85|   });
     86| 

ΓÄ»ΓÄ»ΓÄ»ΓÄ»ΓÄ»ΓÄ»ΓÄ»ΓÄ
»ΓÄ»ΓÄ»ΓÄ»ΓÄ»ΓÄ»ΓÄ»ΓÄ»Γ
Ä»ΓÄ»ΓÄ»ΓÄ»ΓÄ»ΓÄ»ΓÄ»ΓÄ»
ΓÄ»[1/1]ΓÄ»


 Test Files  1 failed (1)
      Tests  1 failed | 12 passed (13)
   Start at  22:19:00
   Duration  1.51s (transform 239ms, setup 0ms, import 575ms, tests 20ms, environment 0ms)

